cargo : warning: goku-file-explorer@1.0.2: Pre-built LUTs: 17 copied to OUT_DIR, 0 missing
At C:\Users\Mabu02\AppData\Local\Temp\ps-script-7eacac9d-147a-4b23-b908-7187fac0e4bd.ps1:85 char:46
+ cd "f:\Goku File Explorer Light\src-tauri" ; cargo check 2>&1 | Out-F ...
+                                              ~~~~~~~~~~~~~~~~
    + CategoryInfo          : NotSpecified: (warning: goku-f..._DIR, 0 missing:String) [], RemoteException
    + FullyQualifiedErrorId : NativeCommandError
 
warning: goku-file-explorer@1.0.2: [exr_cpp_bridge] Phase 2 build OK: DLL at F:\Goku File Explorer 
Light\src-tauri\target\debug\build\goku-file-explorer-28b387f49713cb0b\out\exr_cpp_bridge.dll
warning: unused imports: `Engine as _` and `engine::general_purpose::STANDARD`
  --> src\openexr_core.rs:21:14
   |
21 | use base64::{Engine as _, engine::general_purpose::STANDARD};
   |              ^^^^^^^^^^^  ^^^^^^^^^^^^^^^^^^^^^^^^^^^^^^^^^
   |
   = note: `#[warn(unused_imports)]` (part of `#[warn(unused)]`) on by default

warning: unused import: `serde_json`
  --> src\openexr_core.rs:23:5
   |
23 | use serde_json;
   |     ^^^^^^^^^^

warning: unused import: `std::sync::Arc`
    --> src\openexr_core.rs:1638:9
     |
1638 |     use std::sync::Arc;
     |         ^^^^^^^^^^^^^^

warning: unnecessary parentheses around block return value
    --> src\openexr_core.rs:3472:52
     |
3472 |                 if mant == 0 { sign << 31 } else { ((sign << 31) | ((mant as f32 * (2.0f32).powi(-24))) as u32) 
}
     |                                                    ^                                                          ^
     |
     = note: `#[warn(unused_parens)]` (part of `#[warn(unused)]`) on by default
help: remove these parentheses
     |
3472 -                 if mant == 0 { sign << 31 } else { ((sign << 31) | ((mant as f32 * (2.0f32).powi(-24))) as u32) 
}
3472 +                 if mant == 0 { sign << 31 } else { (sign << 31) | ((mant as f32 * (2.0f32).powi(-24))) as u32 }
     |

warning: unused doc comment
    --> src\openexr_core.rs:3502:5
     |
3502 | /     /// First non-RGB channel seen ΓÇö used as the grayscale broadcast source
3503 | |     /// for AOVs like `Roughness.y` / `Z-depth.y` / `Ambient occlusion.y`
3504 | |     /// that have no R/G/B triple. Stored separately so the RGB loop above
3505 | |     /// can still claim the RGB channels when present.
     | |______________________________________________________^
3506 |       let mut single_buf: Option<Vec<u8>> = None;
     |       ------------------------------------------- rustdoc does not generate documentation for statements
     |
     = help: use `//` for a plain comment
     = note: `#[warn(unused_doc_comments)]` (part of `#[warn(unused)]`) on by default

warning: unused import: `windows::Win32::UI::Shell::SHDefExtractIconW`
  --> src\main.rs:64:5
   |
64 | use windows::Win32::UI::Shell::SHDefExtractIconW;
   |     ^^^^^^^^^^^^^^^^^^^^^^^^^^^^^^^^^^^^^^^^^^^^

warning: unused import: `base64::Engine as _`
    --> src\main.rs:3596:9
     |
3596 |     use base64::Engine as _;
     |         ^^^^^^^^^^^^^^^^^^^

warning: unused import: `Ordering`
     --> src\main.rs:12079:53
      |
12079 |                 use std::sync::atomic::{AtomicBool, Ordering};
      |                                                     ^^^^^^^^

warning: unused import: `Manager`
  --> src\main.rs:32:41
   |
32 | use tauri::{command, Emitter, Listener, Manager};
   |                                         ^^^^^^^

warning: unused variable: `ch_count`
    --> src\openexr_core.rs:1360:9
     |
1360 |     let ch_count = unsafe { (pipeline_ptr.offset(16) as *const i16).read_unaligned() };
     |         ^^^^^^^^ help: if this is intentional, prefix it with an underscore: `_ch_count`
     |
     = note: `#[warn(unused_variables)]` (part of `#[warn(unused)]`) on by default

warning: unused variable: `channels_ptr`
    --> src\openexr_core.rs:1361:9
     |
1361 |     let channels_ptr = unsafe { (pipeline_ptr.offset(8) as *const *mut ExrCodingChannelInfo).read_unaligned() };
     |         ^^^^^^^^^^^^ help: if this is intentional, prefix it with an underscore: `_channels_ptr`

warning: unused variable: `t_phase_alloc`
    --> src\openexr_core.rs:1943:9
     |
1943 |     let t_phase_alloc = std::time::Instant::now();
     |         ^^^^^^^^^^^^^ help: if this is intentional, prefix it with an underscore: `_t_phase_alloc`

warning: unused variable: `sacrificial_idx`
    --> src\openexr_core.rs:2105:9
     |
2105 |     let sacrificial_idx: Option<usize> = {
     |         ^^^^^^^^^^^^^^^ help: if this is intentional, prefix it with an underscore: `_sacrificial_idx`

warning: unused variable: `pixel_strides`
    --> src\openexr_core.rs:2187:9
     |
2187 |     let pixel_strides: Vec<i32> = channel_bpes.iter().map(|&bpe| bpe).collect();
     |         ^^^^^^^^^^^^^ help: if this is intentional, prefix it with an underscore: `_pixel_strides`

warning: unused variable: `gh`
    --> src\openexr_core.rs:3599:18
     |
3599 |         let (gw, gh, gbpe) = g_info.unwrap_or((width, height, 2));
     |                  ^^ help: if this is intentional, prefix it with an underscore: `_gh`

warning: unused variable: `bh`
    --> src\openexr_core.rs:3600:18
     |
3600 |         let (bw, bh, bbpe) = b_info.unwrap_or((width, height, 2));
     |                  ^^ help: if this is intentional, prefix it with an underscore: `_bh`

warning: unused variable: `w_a`
    --> src\openexr_core.rs:3610:22
     |
3610 |                 let (w_a, _h_a, bpe_a) = a_info.unwrap_or((width, height, 2));
     |                      ^^^ help: if this is intentional, prefix it with an underscore: `_w_a`

warning: unused variable: `layer_prefix_upper`
    --> src\openexr_core.rs:4738:9
     |
4738 |     let layer_prefix_upper = format!("{}.", layer_name.to_uppercase());
     |         ^^^^^^^^^^^^^^^^^^ help: if this is intentional, prefix it with an underscore: `_layer_prefix_upper`

warning: unused variable: `meta_meta`
   --> src\exr_decode_cache.rs:136:9
    |
136 |     let meta_meta = fs::metadata(&meta_path).ok()?;
    |         ^^^^^^^^^ help: if this is intentional, prefix it with an underscore: `_meta_meta`

warning: variable `total_pixels` is assigned to, but never used
   --> src\exr_batch.rs:304:13
    |
304 |         let mut total_pixels: u64 = 0;
    |             ^^^^^^^^^^^^^^^^
    |
    = note: consider using `_total_pixels` instead

warning: value assigned to `total_pixels` is never read
   --> src\exr_batch.rs:309:17
    |
309 |                 total_pixels += px;
    |                 ^^^^^^^^^^^^^^^^^^
    |
    = help: maybe it is overwritten before being read?
    = note: `#[warn(unused_assignments)]` (part of `#[warn(unused)]`) on by default

warning: unused variable: `cache_path`
    --> src\main.rs:2632:9
     |
2632 |     let cache_path = get_transcoded_cache_path(input_path);
     |         ^^^^^^^^^^ help: if this is intentional, prefix it with an underscore: `_cache_path`

warning: value assigned to `current_app_id` is never read
    --> src\main.rs:5158:46
     |
5158 |     let mut current_app_id: Option<String> = None;
     |                                              ^^^^
     |
     = help: maybe it is overwritten before being read?

warning: value assigned to `current_app_id` is never read
    --> src\main.rs:5191:21
     |
5191 |                     current_app_id = None;
     |                     ^^^^^^^^^^^^^^
     |
     = help: maybe it is overwritten before being read?

warning: unused variable: `layer_clone`
     --> src\main.rs:10133:9
      |
10133 |     let layer_clone = effective_layer.clone();
      |         ^^^^^^^^^^^ help: if this is intentional, prefix it with an underscore: `_layer_clone`

warning: unused variable: `is_pur`
     --> src\main.rs:11505:17
      |
11505 |             let is_pur = path_lower.ends_with(".pur") || path_lower.ends_with(".pureref");
      |                 ^^^^^^ help: if this is intentional, prefix it with an underscore: `_is_pur`

warning: type `Job` is more private than the item `TransferState::get_job`
   --> src\transfer.rs:357:5
    |
357 |     pub fn get_job(&self, id: &str) -> Option<Arc<Job>> {
    |     ^^^^^^^^^^^^^^^^^^^^^^^^^^^^^^^^^^^^^^^^^^^^^^^^^^^ method `TransferState::get_job` is reachable at 
visibility `pub(crate)`
    |
note: but type `Job` is only usable at visibility `pub(self)`
   --> src\transfer.rs:227:1
    |
227 | struct Job {
    | ^^^^^^^^^^
    = note: `#[warn(private_interfaces)]` on by default

warning: type `ExrDecodeArgs` is more private than the item `decode_exr_u8_rgba`
    --> src\exr_passthrough.rs:128:1
     |
 128 | / pub async fn decode_exr_u8_rgba(
 129 | |     args: crate::ExrDecodeArgs,
 130 | | ) -> Result<tauri::ipc::Response, String> {
     | |_________________________________________^ function `decode_exr_u8_rgba` is reachable at visibility `pub`
     |
note: but type `ExrDecodeArgs` is only usable at visibility `pub(crate)`
    --> src\main.rs:8588:1
     |
8588 | struct ExrDecodeArgs {
     | ^^^^^^^^^^^^^^^^^^^^

warning: function `get_gs_path` is never used
   --> src\main.rs:464:4
    |
464 | fn get_gs_path() -> String {
    |    ^^^^^^^^^^^
    |
    = note: `#[warn(dead_code)]` (part of `#[warn(unused)]`) on by default

warning: function `streaming_video_response` is never used
   --> src\main.rs:817:4
    |
817 | fn streaming_video_response<R: Read + Send + 'static>(reader: R) -> ResponseBox {
    |    ^^^^^^^^^^^^^^^^^^^^^^^^

warning: function `get_transcoded_cache_path_for_key` is never used
    --> src\main.rs:1728:4
     |
1728 | fn get_transcoded_cache_path_for_key(progress_key: &str) -> std::path::PathBuf {
     |    ^^^^^^^^^^^^^^^^^^^^^^^^^^^^^^^^^

warning: function `update_progress_from_ffmpeg_output` is never used
    --> src\main.rs:1845:4
     |
1845 | fn update_progress_from_ffmpeg_output(cache_key: &str, _input_path: &Path, progress_file: &Path, total_frames: 
u64) {
     |    ^^^^^^^^^^^^^^^^^^^^^^^^^^^^^^^^^^

warning: struct `TeeReader` is never constructed
    --> src\main.rs:2108:8
     |
2108 | struct TeeReader<R: Read> {
     |        ^^^^^^^^^

warning: associated function `new` is never used
    --> src\main.rs:2114:8
     |
2113 | impl<R: Read> TeeReader<R> {
     | -------------------------- associated function in this implementation
2114 |     fn new(inner: R, cache: std::fs::File) -> Self {
     |        ^^^

warning: function `spawn_transcode_wait_thread` is never used
    --> src\main.rs:2450:4
     |
2450 | fn spawn_transcode_wait_thread(
     |    ^^^^^^^^^^^^^^^^^^^^^^^^^^^

warning: function `spawn_streaming_ffmpeg_no_cache` is never used
    --> src\main.rs:2569:4
     |
2569 | fn spawn_streaming_ffmpeg_no_cache(
     |    ^^^^^^^^^^^^^^^^^^^^^^^^^^^^^^^

warning: function `scan_lnk_folder` is never used
    --> src\main.rs:7450:4
     |
7450 | fn scan_lnk_folder(dir: &std::path::Path, items: &mut Vec<QuickAccessItem>, limit: usize) {
     |    ^^^^^^^^^^^^^^^

warning: constant `IID_I_IMAGELIST` is never used
    --> src\main.rs:7788:11
     |
7788 |     const IID_I_IMAGELIST: windows::core::GUID = windows::core::GUID::from_u128(
     |           ^^^^^^^^^^^^^^^

warning: function `calculate_thumb_dims_smart` is never used
    --> src\main.rs:8033:4
     |
8033 | fn calculate_thumb_dims_smart(width: u32, height: u32, max_size: usize) -> (u32, u32) {
     |    ^^^^^^^^^^^^^^^^^^^^^^^^^^

warning: fields `paths`, `max_size`, `ocio_mode`, and `layer_name` are never read
     --> src\main.rs:10284:5
      |
10283 | struct PreloadExrArgs {
      |        -------------- fields in this struct
10284 |     paths: Vec<String>,
      |     ^^^^^
10285 |     max_size: Option<u32>,
      |     ^^^^^^^^
10286 |     ocio_mode: Option<String>,
      |     ^^^^^^^^^
10287 |     layer_name: Option<String>,
      |     ^^^^^^^^^^

warning: fields `path`, `max_size`, and `coverage_mode` are never read
     --> src\main.rs:10377:5
      |
10376 | struct ExrCryptoLayerArgs {
      |        ------------------ fields in this struct
10377 |     path: String,
      |     ^^^^
10378 |     crypto_layer: String,
10379 |     max_size: Option<u32>,
      |     ^^^^^^^^
10380 |     coverage_mode: Option<String>,
      |     ^^^^^^^^^^^^^

warning: fields `path` and `max_size` are never read
     --> src\main.rs:10407:5
      |
10406 | struct ExrCryptoChannelArgs {
      |        -------------------- fields in this struct
10407 |     path: String,
      |     ^^^^
...
10410 |     max_size: Option<u32>,
      |     ^^^^^^^^

warning: static `CLEANUP_DONE` is never used
     --> src\main.rs:12080:24
      |
12080 |                 static CLEANUP_DONE: AtomicBool = AtomicBool::new(false);
      |                        ^^^^^^^^^^^^

warning: fields `width`, `height`, and `method` are never read
  --> src\fast_image.rs:26:9
   |
24 | pub struct ImageThumbResult {
   |            ---------------- fields in this struct
25 |     pub png_data: Vec<u8>,
26 |     pub width: u32,
   |         ^^^^^
27 |     pub height: u32,
   |         ^^^^^^
28 |     pub method: &'static str,
   |         ^^^^^^

warning: function `extract_tiff_jpeg_preview` is never used
   --> src\fast_image.rs:427:4
    |
427 | fn extract_tiff_jpeg_preview(data: &[u8], max_size: usize) -> Option<ImageThumbResult> {
    |    ^^^^^^^^^^^^^^^^^^^^^^^^^

warning: function `is_supported_image` is never used
   --> src\fast_image.rs:529:8
    |
529 | pub fn is_supported_image(path: &Path) -> bool {
    |        ^^^^^^^^^^^^^^^^^^

warning: field `is_dir` is never read
   --> src\transfer.rs:629:5
    |
626 | struct PlannedItem {
    |        ----------- field in this struct
...
629 |     is_dir: bool,
    |     ^^^^^^

warning: function `hidden_command` is never used
   --> src\openexr_core.rs:148:4
    |
148 | fn hidden_command(program: impl AsRef<std::ffi::OsStr>) -> Command {
    |    ^^^^^^^^^^^^^^

warning: function `find_bundled_path` is never used
   --> src\openexr_core.rs:165:4
    |
165 | fn find_bundled_path(subdir: &str, file: &str) -> Option<std::path::PathBuf> {
    |    ^^^^^^^^^^^^^^^^^

warning: function `decode_chunk_with_pipeline` is never used
    --> src\openexr_core.rs:1318:11
     |
1318 | unsafe fn decode_chunk_with_pipeline(
     |           ^^^^^^^^^^^^^^^^^^^^^^^^^^

warning: associated function `new` is never used
  --> src\exr_decode_cache_lru.rs:80:8
   |
79 | impl Inner {
   | ---------- associated function in this implementation
80 |     fn new() -> Self {
   |        ^^^

warning: unused `std::result::Result` that must be used
    --> src\main.rs:8336:17
     |
8336 |                 DestroyIcon(hicon);
     |                 ^^^^^^^^^^^^^^^^^^
     |
     = note: this `Result` may be an `Err` variant, which should be handled
     = note: `#[warn(unused_must_use)]` (part of `#[warn(unused)]`) on by default
help: use `let _ = ...` to ignore the resulting value
     |
8336 |                 let _ = DestroyIcon(hicon);
     |                 +++++++

warning: function `make_decode_progressEmitter` should have a snake case name
    --> src\main.rs:8447:4
     |
8447 | fn make_decode_progressEmitter(app: &tauri::AppHandle, path: &str) -> impl Fn(u8) + Send + 'static {
     |    ^^^^^^^^^^^^^^^^^^^^^^^^^^^ help: convert the identifier to snake case: `make_decode_progress_emitter`
     |
     = note: `#[warn(non_snake_case)]` (part of `#[warn(nonstandard_style)]`) on by default

warning: hiding a lifetime that's elided elsewhere is confusing
    --> src\openexr_core.rs:1010:23
     |
1010 |     pub fn start_read(&self, path: &Path) -> Result<ExrFileReader> {
     |                       ^^^^^                         ^^^^^^^^^^^^^ the same lifetime is hidden here
     |                       |
     |                       the lifetime is elided here
     |
     = help: the same lifetime is referred to in inconsistent ways, making the signature confusing
     = note: `#[warn(mismatched_lifetime_syntaxes)]` on by default
help: use `'_` for type paths
     |
1010 |     pub fn start_read(&self, path: &Path) -> Result<ExrFileReader<'_>> {
     |                                                                  ++++

warning: `goku-file-explorer` (bin "goku-file-explorer") generated 54 warnings (run `cargo fix --bin 
"goku-file-explorer" -p goku-file-explorer` to apply 21 suggestions)
    Finished `dev` profile [unoptimized + debuginfo] target(s) in 0.47s
