1784193251.133 [[EWA] get_ewa_full_info start: C:\Users\Mabu02\Downloads\Sample 3D\take14_full_1-697.ewa]
1784193251.133 [[EWA] load_file_into_cache start: C:\Users\Mabu02\Downloads\Sample 3D\take14_full_1-697.ewa]
1784193251.133 [[EWA] file size: 230306204 bytes]
1784193251.133 [[EWA] reading file...]
1784193251.199 [[EWA] file read complete]
1784193251.199 [[EWA] parsing header...]
1784193251.199 [[EWA] header parsed: n_frames=697, n_gaussians=59380, atlas=244x244]
1784193251.199 [[EWA] parsing ranges...]
1784193251.199 [[EWA] ranges parsed]
1784193251.199 [[EWA] parsing 697 frame entries...]
1784193251.199 [[EWA] frame index parsed]
1784193251.200 [[EWA] storing in cache...]
1784193251.200 [[EWA] load_file_into_cache done, took 66.4854ms]
1784193251.242 [[EWA] file cached, header: n_frames=697, n_gaussians=59380]
1784193251.242 [[EWA] parsing 697 frames...]
1784193251.242 [[EWA] frames parsed, took 109.5348ms]
1784193251.242 [[EWA] get_ewa_full_info done, took 109.5868ms]
1784193251.269 [[EWA] read_file_bytes start: C:\Users\Mabu02\Downloads\Sample 3D\take14_full_1-697.ewa]
1784193251.354 [[EWA] read_file_bytes done: 230306204 bytes, took 85.2652ms]
1784193273.804 [[EWA] read_file_bytes start: C:\Users\Mabu02\Downloads\Sample 3D\take14_full_1-697.ewa]
1784193273.869 [[EWA] read_file_bytes done: 230306204 bytes, took 64.4957ms]
